 ◆ ottyel   1 Overview  2 Traces  3 Logs  4 Metrics  5 LLM                      
╭──────────────╮╭──────────────╮╭──────────────╮╭──────────────╮╭──────────────╮
│ 6  Traces    ││ 4  Logs      ││ 1  Metrics   ││ 3  LLM calls ││ 3  Services  │
│ 1 failing ·  ││ 1 error      ││ series · 5 p ││ 1.0k tokens  ││ 1 error span │
╰──────────────╯╰──────────────╯╰──────────────╯╰──────────────╯╰──────────────╯
╭ Services ─ recent traces ────────────────╮╭ Needs attention ─────────────────╮
│ service    ╭ ▸ Command Palette ─────────────────────────────────╮ LOG  check │
│ checkout-ap│ query :trace                                       │ TRACE  che │
│ catalog-wor│                                                    │            │
│ llm-gateway│  > Go to Trace Explorer                            │            │
│            │    Toggle Errors-Only Traces                       │            │
│            │    Return to Trace List                            │            │
│            │                                                    │            │
╰────────────│ enter run  j/k move  esc close                     │────────────╯
╭ Slowest tra│                                                    │────────────╮
│ checkout-ap│                                                    │s  avg cost │
│ catalog-wor│                                                    │k .0ms 0042 │
│ llm-gateway╰────────────────────────────────────────────────────╯            │
│                                          ││                                  │
│                                          ││                                  │
│                                          ││                                  │
│                                          ││                                  │
╰──────────────────────────────────────────╯╰──────────────────────────────────╯
  PALETTE   type filter  enter run  j/k move  esc close                         
