┌Ottyel────────────────────────────────────────────────────────────────────────┐
│ [1] Overview   [2] Trace Explorer   [3] Logs   [4] Metrics   [5] LLM Inspecto│
└──────────────────────────────────────────────────────────────────────────────┘
 theme=ember | [t]ime=24h | [s]ervice=all | panes traces=6 logs=4 metrics=5 llm=
┌───────────┐┌───────────┐┌──────────┐┌───────────┐┌───────────┐┌──────────────┐
│ Services  ││  Traces   ││  Errors  ││   Logs    ││  Metrics  ││      LLM     │
│     3     │┌Command Palette─────────────────────────────────────┐     3      │
│           ││query :trace                                        │            │
│           ││                                                    │            │
│           ││ > Go to Trace Explorer                             │            │
└───────────┘│   Toggle Errors-Only Traces                        │────────────┘
┌Recent trace│   Return to Trace List                             │────────────┐
│checkout-api│                                                    │            │
│catalog-work│enter run  j/k move  esc close                      │            │
│llm-gateway │                                                    │            │
│            │                                                    │            │
│            │                                                    │            │
│            └────────────────────────────────────────────────────┘            │
│                                      ││                                      │
│                                      ││                                      │
│                                      ││                                      │
│                                      ││                                      │
└──────────────────────────────────────┘└──────────────────────────────────────┘
 command palette: type to filter | enter run | j/k move | esc close             
