┌Ottyel────────────────────────────────────────────────────────────────────────────────────────────────────────────────────────────────────────────────────────┐
│ [1] Overview   [2] Trace Explorer   [3] Logs   [4] Metrics   [5] LLM Inspector                                                                               │
└──────────────────────────────────────────────────────────────────────────────────────────────────────────────────────────────────────────────────────────────┘
 theme=ember | [t]ime=24h | [s]ervice=all | panes traces=6 logs=4 metrics=5 llm=3                                                                               
┌LLM Models────────────────────────────────────────────────────────────────────────────┐┌Model Detail [focus]──────────────────────────────────────────────────┐
│model                                                calls err tokens  avg    cost    ││gpt-4.1-mini                                                          │
│openai/gpt-4.1-mini                                      1   0    1.0k  500ms  $0.0042││prompt Recommend Add-ons                                              │
│                                                                                      ││service checkout-api                                                  │
│                                                                                      ││trace 019e2d0a6fb7e5337b121ed7562519cb                                │
│                                                                                      ││span llm                                                              │
│                                                                                      ││provider openai                                                       │
└──────────────────────────────────────────────────────────────────────────────────────┘│operation chat                                                        │
┌LLM Sessions──────────────────────────────────────────────────────────────────────────┐│kind INTERNAL                                                         │
│id                                                            calls err tokens  span  ││session checkout-session-42                                           │
│conversation_id:customer-thread…                                  1   0    1.0k  500ms││conversation customer-thread-42                                       │
│                                                                                      ││status STATUS_CODE_OK                                                 │
│                                                                                      ││tokens in=920 out=88 total=1008                                       │
│                                                                                      ││latency 500.000 ms  cost 0.004200                                     │
└──────────────────────────────────────────────────────────────────────────────────────┘│                                                                      │
┌LLM Inspector [sort: time]────────────────────────────────────────────────────────────┐│prompt                                                                │
│time                prompt               provider model       op       tokens  ms     ││Recommend two add-ons for a premium checkout customer.                │
│2023-11-14 17:13:20 Recommend Add-ons    openai   gpt-4.1-min chat     1008    500.0  ││                                                                      │
│2023-11-14 17:13:00 Summarize Cart       openai   gpt-4o-mini chat     360     612.4  ││output                                                                │
│                                                                                      ││Offer expedited shipping and warranty coverage.                       │
│                                                                                      ││                                                                      │
│                                                                                      ││                                                                      │
│                                                                                      ││                                                                      │
│                                                                                      ││                                                                      │
│                                                                                      ││                                                                      │
│                                                                                      ││                                                                      │
│                                                                                      ││                                                                      │
│                                                                                      ││                                                                      │
│                                                                                      ││                                                                      │
│                                                                                      ││                                                                      │
│                                                                                      │└──────────────────────────────────────────────────────────────────────┘
│                                                                                      │┌Timeline──────────────────────────────────────────────────────────────┐
│                                                                                      ││   0.0ms ●················· prompt prompt input 0.0ms                 │
│                                                                                      ││        Recommend two add-ons for a premium checkout customer.        │
│                                                                                      ││ 500.0ms ·················· output output response 0.0ms              │
│                                                                                      ││        Offer expedited shipping and warranty coverage.               │
│                                                                                      ││                                                                      │
│                                                                                      ││                                                                      │
│                                                                                      ││                                                                      │
└──────────────────────────────────────────────────────────────────────────────────────┘└──────────────────────────────────────────────────────────────────────┘
 model detail: j/k scroll | =/- resize | l/right timeline | i/o toggle blocks | esc feed | : commands                                                           
