 ◆ ottyel   1 Overview  2 Traces  3 Logs  4 Metrics  5 LLM                                                                             t 24h   s all services   
╭ Models ──────────────────────────────────────────────────────────────────────────────╮╭ ▸ Call ──────────────────────────────────────────────────────────────╮
│ model                                           calls errs  tokens      avg     cost ││ Recommend Add-ons   OK                                               │
│ openai/gpt-4.1-mini                                 1    0    1.0k  500.0ms  $0.0042 ││ gpt-4.1-mini  openai · chat                                          │
│                                                                                      ││                                                                      │
│                                                                                      ││ tokens        920 in  88 out  1.0k total                             │
│                                                                                      ││ latency       500.0ms                                                │
│                                                                                      ││ cost          $0.0042                                                │
╰──────────────────────────────────────────────────────────────────────────────────────╯│ service       checkout-api                                           │
╭ Sessions ────────────────────────────────────────────────────────────────────────────╮│ session       checkout-session-42                                    │
│ session                                                  calls errs  tokens     span ││ conversation  customer-thread-42                                     │
│ conversation_id customer-thread-42                           1    0    1.0k  500.0ms ││ trace         019e2d0a6fb7e5337b121ed7562519cb                       │
│                                                                                      ││ span          llm                                                    │
│                                                                                      ││                                                                      │
│                                                                                      ││ Prompt                                                               │
╰──────────────────────────────────────────────────────────────────────────────────────╯│ Recommend two add-ons for a premium checkout customer.               │
╭ Calls ─ 2 calls · sort time ─────────────────────────────────────────────────────────╮│                                                                      │
│   time                call                 model            op       tokens  latency ││ Output                                                               │
│ ● 2023-11-14 22:13:20 Recommend Add-ons    gpt-4.1-mini     chat       1.0k  500.0ms ││ Offer expedited shipping and warranty coverage.                      │
│ ● 2023-11-14 22:13:00 Summarize Cart       gpt-4o-mini      chat        360  612.4ms ││                                                                      │
│                                                                                      ││                                                                      │
│                                                                                      ││                                                                      │
│                                                                                      ││                                                                      │
│                                                                                      ││                                                                      │
│                                                                                      ││                                                                      │
│                                                                                      ││                                                                      │
│                                                                                      ││                                                                      │
│                                                                                      ││                                                                      │
│                                                                                      ││                                                                      │
│                                                                                      ││                                                                      │
│                                                                                      ││                                                                      │
│                                                                                      ││                                                                      │
│                                                                                      ││                                                                      │
│                                                                                      ││                                                                      │
│                                                                                      │╰──────────────────────────────────────────────────────────────────────╯
│                                                                                      │╭ Timeline ────────────────────────────────────────────────────────────╮
│                                                                                      ││      0ms ●─────────────────── prompt input                           │
│                                                                                      ││           Recommend two add-ons for a premium checkout customer.     │
│                                                                                      ││  500.0ms ───────────────────● output response                        │
│                                                                                      ││           Offer expedited shipping and warranty coverage.            │
│                                                                                      ││                                                                      │
│                                                                                      ││                                                                      │
│                                                                                      ││                                                                      │
╰──────────────────────────────────────────────────────────────────────────────────────╯╰──────────────────────────────────────────────────────────────────────╯
  LLM CALL   j/k scroll  l timeline  i prompt  o output  esc back  ? help                                                                                       
