 ◆ ottyel   1 Overview  2 Traces  3 Logs  4 Metrics  5 LLM                                     t 24h   s all services   
╭ ▸ Logs ─ 3 rows ───────────────────────────────────────────────────╮╭ Log ───────────────────────────────────────────╮
│ time                service      level message                     ││  ERROR   2023-11-14 22:13:21.294               │
│ 2023-11-14 22:13:20 checkout-api INFO  checkout started          ● ││ payment declined                               │
│ 2023-11-14 22:13:21 checkout-api ERROR {"message":"payment decli ● ││                                                │
│ 2023-11-14 22:13:11 catalog-wor… WARN  catalog lag above target    ││ service   checkout-api                         │
│                                                                    ││ severity  ERROR                                │
│                                                                    ││ trace     019e2d0a6fb7e5337b121ed7562519cb     │
│                                                                    ││ span      payment                              │
│                                                                    ││                                                │
│                                                                    ││ Message                                        │
│                                                                    ││ {                                              │
│                                                                    ││   "message": "payment declined",               │
│                                                                    ││   "reason": "card_check_failed"                │
│                                                                    ││ }                                              │
│                                                                    ││                                                │
│                                                                    ││ Attributes                                     │
│                                                                    ││ component  fixture                             │
│                                                                    ││                                                │
│                                                                    ││ Resource                                       │
│                                                                    ││ host.name  test-host                           │
│                                                                    ││                                                │
│                                                                    ││                                                │
│                                                                    ││                                                │
│                                                                    ││                                                │
│                                                                    ││                                                │
│                                                                    ││                                                │
│                                                                    ││                                                │
│                                                                    ││                                                │
│                                                                    ││                                                │
│                                                                    ││                                                │
│                                                                    ││                                                │
│                                                                    ││                                                │
│                                                                    ││                                                │
│                                                                    ││                                                │
│                                                                    ││                                                │
│                                                                    ││                                                │
│                                                                    ││                                                │
╰────────────────────────────────────────────────────────────────────╯╰────────────────────────────────────────────────╯
  LOGS   j/k move  l detail  f tail  x search  v severity  c correlation  ? help                                        
