┌Ottyel────────────────────────────────────────────────────────────────────────────────────────────────────────────────┐
│ [1] Overview   [2] Trace Explorer   [3] Logs   [4] Metrics   [5] LLM Inspector                                       │
└──────────────────────────────────────────────────────────────────────────────────────────────────────────────────────┘
 theme=ember | [t]ime=24h | [s]ervice=all | panes traces=6 logs=4 metrics=5 llm=3                                       
┌Logs Feed───────────────────────────────────────────────────────────┐┌Log Detail──────────────────────────────────────┐
│service      level message                          trace           ││{"message":"payment                             │
│checkout-api INFO  checkout started                 019e2d0a6fb7e53…││declined","reason":"card_check_failed"}         │
│checkout-api ERROR {"message":"payment declined","r 019e2d0a6fb7e53…││service checkout-api                            │
│catalog-wor… WARN  catalog lag above target                         ││severity ERROR                                  │
│                                                                    ││timestamp 1700000001294000000                   │
│                                                                    ││trace 019e2d0a6fb7e5337b121ed7562519cb          │
│                                                                    ││span payment                                    │
│                                                                    ││                                                │
│                                                                    ││resource                                        │
│                                                                    ││host.name = test-host                           │
│                                                                    ││                                                │
│                                                                    ││attributes                                      │
│                                                                    ││component = fixture                             │
│                                                                    ││                                                │
│                                                                    ││message                                         │
│                                                                    ││{                                               │
│                                                                    ││  "message": "payment declined",                │
│                                                                    ││  "reason": "card_check_failed"                 │
│                                                                    ││}                                               │
│                                                                    ││                                                │
│                                                                    ││                                                │
│                                                                    ││                                                │
│                                                                    ││                                                │
│                                                                    ││                                                │
│                                                                    ││                                                │
│                                                                    ││                                                │
│                                                                    ││                                                │
│                                                                    ││                                                │
│                                                                    ││                                                │
│                                                                    ││                                                │
│                                                                    ││                                                │
│                                                                    ││                                                │
│                                                                    ││                                                │
└────────────────────────────────────────────────────────────────────┘└────────────────────────────────────────────────┘
 logs: j/k move | =/- resize | l/right detail | f tail | x log search | v severity | c correlation | : commands         
