"┌Ottyel────────────────────────────────────────────────────────────────────────────────────────────────────────────────┐"
"│ [1] Overview   [2] Trace Explorer   [3] Logs   [4] Metrics   [5] LLM Inspector                                       │"
"└──────────────────────────────────────────────────────────────────────────────────────────────────────────────────────┘"
" theme=ember | [t]ime=24h | [s]ervice=all | panes traces=6 logs=4 metrics=5 llm=3                                       "
"┌Metrics Feed────────────────────────────────────────────────┐┌Metric Trend────────────────────────────────────────────┐"
"│service        metric        kind           summary         ││  █                                                     │"
"│checkout-api   checkout.queu gauge          gauge=18        ││  █▆                                                    │"
"│checkout-api   checkout.queu gauge          gauge=23        ││  ██                                                    │"
"│checkout-api   checkout.queu gauge          gauge=41        ││  ██▃                                                   │"
"│checkout-api   checkout.queu gauge          gauge=37        ││  ███                                                   │"
"│checkout-api   checkout.queu gauge          gauge=29        ││ ▄███                                                   │"
"│                                                            ││ ████                                                   │"
"│                                                            │└────────────────────────────────────────────────────────┘"
"│                                                            │┌Metric Detail───────────────────────────────────────────┐"
"│                                                            ││checkout.queue.depth                                    │"
"│                                                            ││service checkout-api                                    │"
"│                                                            ││kind gauge                                              │"
"│                                                            ││samples 5                                               │"
"│                                                            ││latest Some(29.0)                                       │"
"│                                                            ││min Some(18.0)  max Some(41.0)                          │"
"│                                                            ││avg Some(29.6)                                          │"
"│                                                            ││                                                        │"
"│                                                            ││recent points                                           │"
"│                                                            ││1700000004000000000 -> gauge=29                         │"
"│                                                            ││1700000003000000000 -> gauge=37                         │"
"│                                                            ││1700000002000000000 -> gauge=41                         │"
"│                                                            ││1700000001000000000 -> gauge=23                         │"
"│                                                            ││1700000000000000000 -> gauge=18                         │"
"│                                                            ││                                                        │"
"│                                                            ││                                                        │"
"│                                                            ││                                                        │"
"│                                                            ││                                                        │"
"│                                                            ││                                                        │"
"│                                                            ││                                                        │"
"│                                                            ││                                                        │"
"│                                                            ││                                                        │"
"│                                                            ││                                                        │"
"│                                                            ││                                                        │"
"└────────────────────────────────────────────────────────────┘└────────────────────────────────────────────────────────┘"
" metrics: j/k move | =/- resize | l/right detail | : commands                                                           "
