 ◆ ottyel   1 Overview  2 Traces  3 Logs  4 Metrics  5 LLM                                     t 24h   s all services   
╭ ▸ Metrics ─ 1 series ──────────────────────────────────────╮╭ Trend ─ gauge ─────────────────────────────────────────╮
│ metric                    service        latest trend      ││ 41     │                    ⢀⡠⠔⠒⠢⠤⠤⠤⢄⣀⣀⣀⡀              │
│ checkout.queue.depth      checkout-api       29 ▁▃█▇▄      ││        │                ⢀⡠⠔⠊⠁           ⠈⠉⠉⠑⠒⠢⠤⠤⣀⣀⡀    │
│                                                            ││        │            ⢀⡠⠔⠊⠁                         ⠈⠉⠑⠒ │
│                                                            ││        │    ⢀⣀⣀⠤⠤⠤⠒⠊⠁                                  │
│                                                            ││ 18     │⠒⠊⠉⠉⠁                                          │
│                                                            ││        └────────────────────────────────────────────── │
│                                                            ││ 22:13:20                                      22:13:24 │
│                                                            │╰────────────────────────────────────────────────────────╯
│                                                            │╭ Series ────────────────────────────────────────────────╮
│                                                            ││ checkout.queue.depth                                   │
│                                                            ││ checkout-api  gauge                                    │
│                                                            ││                                                        │
│                                                            ││ latest   29                                            │
│                                                            ││ min      18                                            │
│                                                            ││ max      41                                            │
│                                                            ││ avg      29.6                                          │
│                                                            ││ samples  5                                             │
│                                                            ││ window   2023-11-14 22:13:20 → 2023-11-14 22:13:24     │
│                                                            ││                                                        │
│                                                            ││ Recent points                                          │
│                                                            ││ 2023-11-14 22:13:24  29                                │
│                                                            ││ 2023-11-14 22:13:23  37                                │
│                                                            ││ 2023-11-14 22:13:22  41                                │
│                                                            ││ 2023-11-14 22:13:21  23                                │
│                                                            ││ 2023-11-14 22:13:20  18                                │
│                                                            ││                                                        │
│                                                            ││                                                        │
│                                                            ││                                                        │
│                                                            ││                                                        │
│                                                            ││                                                        │
│                                                            ││                                                        │
│                                                            ││                                                        │
│                                                            ││                                                        │
│                                                            ││                                                        │
│                                                            ││                                                        │
│                                                            ││                                                        │
╰────────────────────────────────────────────────────────────╯╰────────────────────────────────────────────────────────╯
  METRICS   j/k select series  l detail  : commands  ? help                                                             
