 ◆ ottyel   1 Overview  2 Traces  3 Logs  4 Metrics  5 LLM                                     t 24h   s all services   
╭──────────────────────╮╭──────────────────────╮╭──────────────────────╮╭──────────────────────╮╭──────────────────────╮
│ 6  Traces            ││ 4  Logs              ││ 1  Metrics           ││ 3  LLM calls         ││ 3  Services          │
│ 1 failing · 33%      ││ 1 error              ││ series · 5 points    ││ 1.0k tokens          ││ 1 error span         │
╰──────────────────────╯╰──────────────────────╯╰──────────────────────╯╰──────────────────────╯╰──────────────────────╯
╭ Services ─ recent traces ──────────────────────────────────────╮╭ Needs attention ───────────────────────────────────╮
│ service                     traces  errors       p50       max ││ 2023-11-14 22:13:21   LOG  checkout-api {"message" │
│ checkout-api                     1       1     1.29s     1.29s ││ 2023-11-14 22:13:20   TRACE  checkout-api Checkout │
│ catalog-worker                   1       0   842.1ms   842.1ms ││                                                    │
│ llm-gateway                      1       0   612.4ms   612.4ms ││                                                    │
│                                                                ││                                                    │
│                                                                ││                                                    │
│                                                                ││                                                    │
│                                                                ││                                                    │
│                                                                ││                                                    │
│                                                                ││                                                    │
│                                                                ││                                                    │
│                                                                ││                                                    │
│                                                                ││                                                    │
│                                                                ││                                                    │
│                                                                ││                                                    │
╰────────────────────────────────────────────────────────────────╯╰────────────────────────────────────────────────────╯
╭ Slowest traces ────────────────────────────────────────────────╮╭ LLM usage ─────────────────────────────────────────╮
│ checkout-api Checkout request    ████████████████████    1.29s ││ model              calls  tokens      avg     cost │
│ catalog-worker Sync product cat… █████████████         842.1ms ││ gpt-4.1-mini           1    1.0k  500.0ms  $0.0042 │
│ llm-gateway Prompt: Recommend A… █████████▌            612.4ms ││                                                    │
│                                                                ││                                                    │
│                                                                ││                                                    │
│                                                                ││                                                    │
│                                                                ││                                                    │
│                                                                ││                                                    │
│                                                                ││                                                    │
│                                                                ││                                                    │
│                                                                ││                                                    │
│                                                                ││                                                    │
│                                                                ││                                                    │
│                                                                ││                                                    │
│                                                                ││                                                    │
╰────────────────────────────────────────────────────────────────╯╰────────────────────────────────────────────────────╯
  OVERVIEW   1-5 tabs  / search  t window  s service  : commands  ? help                                                
