"┌Ottyel────────────────────────────────────────────────────────────────────────────────────────────────────────────────┐"
"│ [1] Overview   [2] Trace Explorer   [3] Logs   [4] Metrics   [5] LLM Inspector                                       │"
"└──────────────────────────────────────────────────────────────────────────────────────────────────────────────────────┘"
" theme=ember | [t]ime=24h | [s]ervice=all | panes traces=6 logs=4 metrics=5 llm=3                                       "
"┌─────────────────┐┌─────────────────┐┌──────────────────┐┌─────────────────┐┌─────────────────┐┌──────────────────────┐"
"│    Services     ││     Traces      ││      Errors      ││      Logs       ││     Metrics     ││          LLM         │"
"│        3        ││        6        ││         1        ││        4        ││        5        ││           3          │"
"│                 ││                 ││                  ││                 ││                 ││                      │"
"│                 ││                 ││                  ││                 ││                 ││                      │"
"│                 ││                 ││                  ││                 ││                 ││                      │"
"└─────────────────┘└─────────────────┘└──────────────────┘└─────────────────┘└─────────────────┘└──────────────────────┘"
"┌Recent traces─────────────────────────────────────────────┐┌LLM activity──────────────────────────────────────────────┐"
"│checkout-api Checkout request 1294.6ms                    ││gpt-4.1-mini chat tok=1008                                │"
"│catalog-worker Sync product catalog 842.1ms               ││gpt-4o-mini chat tok=360                                  │"
"│llm-gateway Prompt: Recommend Add-ons 612.4ms             ││                                                          │"
"│                                                          ││                                                          │"
"│                                                          ││                                                          │"
"│                                                          ││                                                          │"
"│                                                          ││                                                          │"
"│                                                          ││                                                          │"
"│                                                          ││                                                          │"
"│                                                          ││                                                          │"
"│                                                          ││                                                          │"
"│                                                          ││                                                          │"
"│                                                          ││                                                          │"
"│                                                          ││                                                          │"
"│                                                          ││                                                          │"
"│                                                          ││                                                          │"
"│                                                          ││                                                          │"
"│                                                          ││                                                          │"
"│                                                          ││                                                          │"
"│                                                          ││                                                          │"
"│                                                          ││                                                          │"
"│                                                          ││                                                          │"
"│                                                          ││                                                          │"
"│                                                          ││                                                          │"
"│                                                          ││                                                          │"
"│                                                          ││                                                          │"
"└──────────────────────────────────────────────────────────┘└──────────────────────────────────────────────────────────┘"
" overview: tab switch panes | : commands | ? help | H hints | / global search                                           "
