"┌Ottyel────────────────────────────────────────────────────────────────────────────────────────────────────────────────┐"
"│ [1] Overview   [2] Trace Explorer   [3] Logs   [4] Metrics   [5] LLM Inspector                                       │"
"└──────────────────────────────────────────────────────────────────────────────────────────────────────────────────────┘"
" theme=ember | [t]ime=24h | [s]ervice=all | panes traces=6 logs=4 metrics=5 llm=3                                       "
"┌Trace Explorer [focus | enter=open]───────────────────────────────────────────────────────────────────────────────────┐"
"│time                service      root                                                           spans  errs   ms      │"
"│2023-11-14 17:13:20 checkout-api Checkout request                                               8      1      1294.6  │"
"│2023-11-14 17:13:10 catalog-wor… Sync product catalog                                           5      0      842.1   │"
"│2023-11-14 17:13:00 llm-gateway  Recommend Add-ons                                              4      0      612.4   │"
"│                                                                                                                      │"
"│                                                                                                                      │"
"│                                                                                                                      │"
"│                                                                                                                      │"
"│                                                                                                                      │"
"│                                                                                                                      │"
"│                                                                                                                      │"
"│                                                                                                                      │"
"│                                                                                                                      │"
"│                                                                                                                      │"
"│                                                                                                                      │"
"│                                                                                                                      │"
"│                                                                                                                      │"
"│                                                                                                                      │"
"│                                                                                                                      │"
"│                                                                                                                      │"
"│                                                                                                                      │"
"│                                                                                                                      │"
"│                                                                                                                      │"
"│                                                                                                                      │"
"│                                                                                                                      │"
"│                                                                                                                      │"
"│                                                                                                                      │"
"│                                                                                                                      │"
"│                                                                                                                      │"
"│                                                                                                                      │"
"│                                                                                                                      │"
"│                                                                                                                      │"
"│                                                                                                                      │"
"└──────────────────────────────────────────────────────────────────────────────────────────────────────────────────────┘"
" traces: j/k select trace | =/- resize | enter open | : commands | ? help | e errors                                    "
