 ◆ ottyel   1 Overview  2 Traces  3 Logs  4 Metrics  5 LLM                                     t 24h   s all services   
╭ Trace ───────────────────────────────────────────────────────────────────────────────────────────────────────────────╮
│ Checkout request   ERROR                                                                                             │
│ service checkout-api   duration 1.29s   spans 8   errors 1   trace 019e2d0a6fb7e5337b121ed7562519cb                  │
│                                                                                                                      │
│ ▾ Checkout request [hot path]                                            ━━━━━━━━━━━━━━━━━━━━━━━━━━━━━━━━━━    1.29s │
│       Authenticate customer                                              ━━━━━─────────────────────────────  150.0ms │
│       Reserve inventory                                                  ─────━━━━━━━━━━━━─────────────────  430.0ms │
│       Recommend Add-ons [LLM gpt-4.1-mini] [hot path]                    ─────────────────━━━━━━━━━━━━━━───  500.0ms │
│       Charge payment [ERR]                                               ───────────────────────────────━━━   89.0ms │
│                                                                                                                      │
│                                                                                                                      │
│                                                                                                                      │
│                                                                                                                      │
│                                                                                                                      │
│                                                                                                                      │
│                                                                                                                      │
│                                                                                                                      │
│                                                                                                                      │
│                                                                                                                      │
│                                                                                                                      │
│                                                                                                                      │
│                                                                                                                      │
│                                                                                                                      │
╰──────────────────────────────────────────────────────────────────────────────────────────────────────────────────────╯
╭ ▸ Span ──────────────────────────────────────────────────────────────────────────────────────────────────────────────╮
│ Charge payment   error                                                                                               │
│ checkout-api  client · 89.0ms                                                                                        │
│                                                                                                                      │
│ started    2023-11-14 22:13:21.205                                                                                   │
│ duration   89.0ms                                                                                                    │
│ trace id   019e2d0a6fb7e5337b121ed7562519cb                                                                          │
│ span id    payment                                                                                                   │
│ parent     root                                                                                                      │
│ root       Checkout request  root                                                                                    │
│                                                                                                                      │
│ Attributes                                                                                                           │
│ error.type        payment_declined                                                                                   │
╰──────────────────────────────────────────────────────────────────────────────────────────────────────────────────────╯
  SPAN   j/k scroll  h tree  L logs  esc back  ? help                                                                   
