 ◆ ottyel   1 Overview  2 Traces  3 Logs  4 Metrics  5 LLM                                     t 24h   s all services   
╭ ▸ Traces ─ 3 traces ─────────────────────────────────────────────────────────────────────────────────────────────────╮
│    time                 service           root span                                spans  errs  duration             │
│ ●  2023-11-14 22:13:20  checkout-api      Checkout request                             8     1     1.29s  ██████████ │
│ ●  2023-11-14 22:13:10  catalog-worker    Sync product catalog                         5     0   842.1ms  ██████▌    │
│ ●  2023-11-14 22:13:00  llm-gateway       Recommend Add-ons                            4     0   612.4ms  ████▊      │
│                                                                                                                      │
│                                                                                                                      │
│                                                                                                                      │
│                                                                                                                      │
│                                                                                                                      │
│                                                                                                                      │
│                                                                                                                      │
│                                                                                                                      │
│                                                                                                                      │
│                                                                                                                      │
│                                                                                                                      │
│                                                                                                                      │
│                                                                                                                      │
│                                                                                                                      │
│                                                                                                                      │
│                                                                                                                      │
│                                                                                                                      │
│                                                                                                                      │
│                                                                                                                      │
│                                                                                                                      │
│                                                                                                                      │
│                                                                                                                      │
│                                                                                                                      │
│                                                                                                                      │
│                                                                                                                      │
│                                                                                                                      │
│                                                                                                                      │
│                                                                                                                      │
│                                                                                                                      │
│                                                                                                                      │
│                                                                                                                      │
│                                                                                                                      │
╰──────────────────────────────────────────────────────────────────────────────────────────────────────────────────────╯
  TRACES   j/k select  enter open  e next error  / search  : commands  ? help                                           
